// Jest Snapshot v1, https://goo.gl/fbAQLP

exports[`renders correctly 1`] = `
<Text
  style={
    [
      {
        "color": "#172033",
        "fontSize": 16,
        "lineHeight": 24,
      },
      [
        undefined,
        {
          "fontFamily": "SpaceMono",
        },
      ],
    ]
  }
>
  Snapshot test!
</Text>
`;
